// Jest Snapshot v1, https://goo.gl/fbAQLP

exports[`Header component rendering Renders Header component 1`] = `
Object {
  "asFragment": [Function],
  "baseElement": <body>
    <div>
      <header
        class="header"
      >
        <div
          class="header__container"
        >
          <div
            class="header__inner"
          >
            <a
              class="header__logo-link"
              href="/"
            >
              <div
                class="logo"
              >
                <img
                  alt="company logo"
                  class="logo__img"
                  src="logo.svg"
                />
              </div>
            </a>
            <nav
              class="header__nav"
            >
              <button
                class="header__nav-burger"
                type="button"
              >
                <span
                  class="header__nav-burger-line"
                />
              </button>
              <div
                class="header__nav-content"
              >
                <ul
                  class="header__nav-list"
                >
                  <li
                    class="header__nav-item"
                  >
                    <a
                      aria-current="page"
                      class="header__nav-link header__nav-link_active"
                      href="/"
                    >
                      о нас
                    </a>
                  </li>
                  <li
                    class="header__nav-item"
                  >
                    <a
                      class="header__nav-link header__nav-link_sign_arrow"
                      href="/mock-address/change-me"
                    >
                      услуги
                    </a>
                  </li>
                  <li
                    class="header__nav-item"
                  >
                    <a
                      class="header__nav-link"
                      href="/mock-address/change-me"
                    >
                      вакансии
                    </a>
                  </li>
                  <li
                    class="header__nav-item"
                  >
                    <a
                      class="header__nav-link"
                      href="/mock-address/change-me"
                    >
                      новости
                    </a>
                  </li>
                  <li
                    class="header__nav-item"
                  >
                    <a
                      class="header__nav-link header__nav-link_sign_arrow"
                      href="/mock-address/change-me"
                    >
                      соглашения
                    </a>
                  </li>
                </ul>
                <div
                  class="header__nav-auth-user"
                >
                  <a
                    class="button-link button-link_bordered button-link_size_small"
                    href="/sign-in"
                  >
                    войти
                  </a>
                  <a
                    class="button-link button-link_size_small"
                    href="/sign-up"
                  >
                    зарегистрироваться
                  </a>
                </div>
              </div>
            </nav>
          </div>
        </div>
      </header>
    </div>
  </body>,
  "container": <div>
    <header
      class="header"
    >
      <div
        class="header__container"
      >
        <div
          class="header__inner"
        >
          <a
            class="header__logo-link"
            href="/"
          >
            <div
              class="logo"
            >
              <img
                alt="company logo"
                class="logo__img"
                src="logo.svg"
              />
            </div>
          </a>
          <nav
            class="header__nav"
          >
            <button
              class="header__nav-burger"
              type="button"
            >
              <span
                class="header__nav-burger-line"
              />
            </button>
            <div
              class="header__nav-content"
            >
              <ul
                class="header__nav-list"
              >
                <li
                  class="header__nav-item"
                >
                  <a
                    aria-current="page"
                    class="header__nav-link header__nav-link_active"
                    href="/"
                  >
                    о нас
                  </a>
                </li>
                <li
                  class="header__nav-item"
                >
                  <a
                    class="header__nav-link header__nav-link_sign_arrow"
                    href="/mock-address/change-me"
                  >
                    услуги
                  </a>
                </li>
                <li
                  class="header__nav-item"
                >
                  <a
                    class="header__nav-link"
                    href="/mock-address/change-me"
                  >
                    вакансии
                  </a>
                </li>
                <li
                  class="header__nav-item"
                >
                  <a
                    class="header__nav-link"
                    href="/mock-address/change-me"
                  >
                    новости
                  </a>
                </li>
                <li
                  class="header__nav-item"
                >
                  <a
                    class="header__nav-link header__nav-link_sign_arrow"
                    href="/mock-address/change-me"
                  >
                    соглашения
                  </a>
                </li>
              </ul>
              <div
                class="header__nav-auth-user"
              >
                <a
                  class="button-link button-link_bordered button-link_size_small"
                  href="/sign-in"
                >
                  войти
                </a>
                <a
                  class="button-link button-link_size_small"
                  href="/sign-up"
                >
                  зарегистрироваться
                </a>
              </div>
            </div>
          </nav>
        </div>
      </div>
    </header>
  </div>,
  "debug": [Function],
  "findAllByAltText": [Function],
  "findAllByDisplayValue": [Function],
  "findAllByLabelText": [Function],
  "findAllByPlaceholderText": [Function],
  "findAllByRole": [Function],
  "findAllByTestId": [Function],
  "findAllByText": [Function],
  "findAllByTitle": [Function],
  "findByAltText": [Function],
  "findByDisplayValue": [Function],
  "findByLabelText": [Function],
  "findByPlaceholderText": [Function],
  "findByRole": [Function],
  "findByTestId": [Function],
  "findByText": [Function],
  "findByTitle": [Function],
  "getAllByAltText": [Function],
  "getAllByDisplayValue": [Function],
  "getAllByLabelText": [Function],
  "getAllByPlaceholderText": [Function],
  "getAllByRole": [Function],
  "getAllByTestId": [Function],
  "getAllByText": [Function],
  "getAllByTitle": [Function],
  "getByAltText": [Function],
  "getByDisplayValue": [Function],
  "getByLabelText": [Function],
  "getByPlaceholderText": [Function],
  "getByRole": [Function],
  "getByTestId": [Function],
  "getByText": [Function],
  "getByTitle": [Function],
  "queryAllByAltText": [Function],
  "queryAllByDisplayValue": [Function],
  "queryAllByLabelText": [Function],
  "queryAllByPlaceholderText": [Function],
  "queryAllByRole": [Function],
  "queryAllByTestId": [Function],
  "queryAllByText": [Function],
  "queryAllByTitle": [Function],
  "queryByAltText": [Function],
  "queryByDisplayValue": [Function],
  "queryByLabelText": [Function],
  "queryByPlaceholderText": [Function],
  "queryByRole": [Function],
  "queryByTestId": [Function],
  "queryByText": [Function],
  "queryByTitle": [Function],
  "rerender": [Function],
  "store": Object {
    "@@observable": [Function],
    "dispatch": [Function],
    "getState": [Function],
    "replaceReducer": [Function],
    "subscribe": [Function],
  },
  "unmount": [Function],
}
`;
