// Jest Snapshot v1, https://goo.gl/fbAQLP

exports[`dropdownGuests component rendering dropdownGuests layout matches the snapshot 1`] = `
Object {
  "asFragment": [Function],
  "baseElement": <body>
    <div>
      <div
        class="dropdown"
        data-testid="guest-dropdown"
      >
        <h3
          class="dropdown__heading"
        >
          Гости
        </h3>
        <div
          class="dropdown__wrapper"
        >
          <input
            class="dropdown__input"
            placeholder="Сколько гостей"
            readonly=""
            type="text"
            value=""
          />
          <button
            class="dropdown__arrow-button material-icons"
            type="button"
          >
            expand_more
          </button>
          <div
            class="dropdown__drop"
          >
            <ul
              class="dropdown__list"
            >
              <li
                class="dropdown-item"
              >
                <p
                  class="dropdown-item__name"
                >
                  взрослые
                </p>
                <div
                  class="dropdown-item__controls"
                >
                  <button
                    class="dropdown-item__button"
                    disabled=""
                    type="button"
                  >
                    -
                  </button>
                  <p
                    class="dropdown-item__amount"
                    data-testid="dropdown-guest-amount"
                  >
                    0
                  </p>
                  <button
                    class="dropdown-item__button"
                    type="button"
                  >
                    +
                  </button>
                </div>
              </li>
              <li
                class="dropdown-item"
              >
                <p
                  class="dropdown-item__name"
                >
                  дети
                </p>
                <div
                  class="dropdown-item__controls"
                >
                  <button
                    class="dropdown-item__button"
                    disabled=""
                    type="button"
                  >
                    -
                  </button>
                  <p
                    class="dropdown-item__amount"
                    data-testid="dropdown-guest-amount"
                  >
                    0
                  </p>
                  <button
                    class="dropdown-item__button"
                    type="button"
                  >
                    +
                  </button>
                </div>
              </li>
              <li
                class="dropdown-item"
              >
                <p
                  class="dropdown-item__name"
                >
                  младенцы
                </p>
                <div
                  class="dropdown-item__controls"
                >
                  <button
                    class="dropdown-item__button"
                    disabled=""
                    type="button"
                  >
                    -
                  </button>
                  <p
                    class="dropdown-item__amount"
                    data-testid="dropdown-guest-amount"
                  >
                    0
                  </p>
                  <button
                    class="dropdown-item__button"
                    disabled=""
                    type="button"
                  >
                    +
                  </button>
                </div>
              </li>
            </ul>
            <div
              class="dropdown__buttons"
            >
              <div
                class="dropdown__button-clear dropdown__button_hidden"
              >
                <button
                  class="button"
                  type="button"
                >
                  Очистить
                </button>
              </div>
              <div
                class="dropdown__button-apply"
              >
                <button
                  class="button"
                  type="button"
                >
                  Применить
                </button>
              </div>
            </div>
          </div>
        </div>
      </div>
    </div>
  </body>,
  "container": <div>
    <div
      class="dropdown"
      data-testid="guest-dropdown"
    >
      <h3
        class="dropdown__heading"
      >
        Гости
      </h3>
      <div
        class="dropdown__wrapper"
      >
        <input
          class="dropdown__input"
          placeholder="Сколько гостей"
          readonly=""
          type="text"
          value=""
        />
        <button
          class="dropdown__arrow-button material-icons"
          type="button"
        >
          expand_more
        </button>
        <div
          class="dropdown__drop"
        >
          <ul
            class="dropdown__list"
          >
            <li
              class="dropdown-item"
            >
              <p
                class="dropdown-item__name"
              >
                взрослые
              </p>
              <div
                class="dropdown-item__controls"
              >
                <button
                  class="dropdown-item__button"
                  disabled=""
                  type="button"
                >
                  -
                </button>
                <p
                  class="dropdown-item__amount"
                  data-testid="dropdown-guest-amount"
                >
                  0
                </p>
                <button
                  class="dropdown-item__button"
                  type="button"
                >
                  +
                </button>
              </div>
            </li>
            <li
              class="dropdown-item"
            >
              <p
                class="dropdown-item__name"
              >
                дети
              </p>
              <div
                class="dropdown-item__controls"
              >
                <button
                  class="dropdown-item__button"
                  disabled=""
                  type="button"
                >
                  -
                </button>
                <p
                  class="dropdown-item__amount"
                  data-testid="dropdown-guest-amount"
                >
                  0
                </p>
                <button
                  class="dropdown-item__button"
                  type="button"
                >
                  +
                </button>
              </div>
            </li>
            <li
              class="dropdown-item"
            >
              <p
                class="dropdown-item__name"
              >
                младенцы
              </p>
              <div
                class="dropdown-item__controls"
              >
                <button
                  class="dropdown-item__button"
                  disabled=""
                  type="button"
                >
                  -
                </button>
                <p
                  class="dropdown-item__amount"
                  data-testid="dropdown-guest-amount"
                >
                  0
                </p>
                <button
                  class="dropdown-item__button"
                  disabled=""
                  type="button"
                >
                  +
                </button>
              </div>
            </li>
          </ul>
          <div
            class="dropdown__buttons"
          >
            <div
              class="dropdown__button-clear dropdown__button_hidden"
            >
              <button
                class="button"
                type="button"
              >
                Очистить
              </button>
            </div>
            <div
              class="dropdown__button-apply"
            >
              <button
                class="button"
                type="button"
              >
                Применить
              </button>
            </div>
          </div>
        </div>
      </div>
    </div>
  </div>,
  "debug": [Function],
  "findAllByAltText": [Function],
  "findAllByDisplayValue": [Function],
  "findAllByLabelText": [Function],
  "findAllByPlaceholderText": [Function],
  "findAllByRole": [Function],
  "findAllByTestId": [Function],
  "findAllByText": [Function],
  "findAllByTitle": [Function],
  "findByAltText": [Function],
  "findByDisplayValue": [Function],
  "findByLabelText": [Function],
  "findByPlaceholderText": [Function],
  "findByRole": [Function],
  "findByTestId": [Function],
  "findByText": [Function],
  "findByTitle": [Function],
  "getAllByAltText": [Function],
  "getAllByDisplayValue": [Function],
  "getAllByLabelText": [Function],
  "getAllByPlaceholderText": [Function],
  "getAllByRole": [Function],
  "getAllByTestId": [Function],
  "getAllByText": [Function],
  "getAllByTitle": [Function],
  "getByAltText": [Function],
  "getByDisplayValue": [Function],
  "getByLabelText": [Function],
  "getByPlaceholderText": [Function],
  "getByRole": [Function],
  "getByTestId": [Function],
  "getByText": [Function],
  "getByTitle": [Function],
  "queryAllByAltText": [Function],
  "queryAllByDisplayValue": [Function],
  "queryAllByLabelText": [Function],
  "queryAllByPlaceholderText": [Function],
  "queryAllByRole": [Function],
  "queryAllByTestId": [Function],
  "queryAllByText": [Function],
  "queryAllByTitle": [Function],
  "queryByAltText": [Function],
  "queryByDisplayValue": [Function],
  "queryByLabelText": [Function],
  "queryByPlaceholderText": [Function],
  "queryByRole": [Function],
  "queryByTestId": [Function],
  "queryByText": [Function],
  "queryByTitle": [Function],
  "rerender": [Function],
  "unmount": [Function],
}
`;
